{
  "version": "1.4.0",
  "plugins_used": [
    {
      "name": "ArtifactoryDetector"
    },
    {
      "name": "AWSKeyDetector"
    },
    {
      "name": "AzureStorageKeyDetector"
    },
    {
      "name": "Base64HighEntropyString",
      "limit": 4.5
    },
    {
      "name": "BasicAuthDetector"
    },
    {
      "name": "CloudantDetector"
    },
    {
      "name": "GitHubTokenDetector"
    },
    {
      "name": "HexHighEntropyString",
      "limit": 3.0
    },
    {
      "name": "IbmCloudIamDetector"
    },
    {
      "name": "IbmCosHmacDetector"
    },
    {
      "name": "JwtTokenDetector"
    },
    {
      "name": "KeywordDetector",
      "keyword_exclude": ""
    },
    {
      "name": "MailchimpDetector"
    },
    {
      "name": "NpmDetector"
    },
    {
      "name": "PrivateKeyDetector"
    },
    {
      "name": "SendGridDetector"
    },
    {
      "name": "SlackDetector"
    },
    {
      "name": "SoftlayerDetector"
    },
    {
      "name": "SquareOAuthDetector"
    },
    {
      "name": "StripeDetector"
    },
    {
      "name": "TwilioKeyDetector"
    }
  ],
  "filters_used": [
    {
      "path": "detect_secrets.filters.allowlist.is_line_allowlisted"
    },
    {
      "path": "detect_secrets.filters.common.is_baseline_file",
      "filename": ".secrets.baseline"
    },
    {
      "path": "detect_secrets.filters.common.is_ignored_due_to_verification_policies",
      "min_level": 2
    },
    {
      "path": "detect_secrets.filters.heuristic.is_indirect_reference"
    },
    {
      "path": "detect_secrets.filters.heuristic.is_likely_id_string"
    },
    {
      "path": "detect_secrets.filters.heuristic.is_lock_file"
    },
    {
      "path": "detect_secrets.filters.heuristic.is_not_alphanumeric_string"
    },
    {
      "path": "detect_secrets.filters.heuristic.is_potential_uuid"
    },
    {
      "path": "detect_secrets.filters.heuristic.is_prefixed_with_dollar_sign"
    },
    {
      "path": "detect_secrets.filters.heuristic.is_sequential_string"
    },
    {
      "path": "detect_secrets.filters.heuristic.is_swagger_file"
    },
    {
      "path": "detect_secrets.filters.heuristic.is_templated_secret"
    },
    {
      "path": "detect_secrets.filters.regex.should_exclude_file",
      "pattern": [
        "package-lock.json"
      ]
    }
  ],
  "results": {
    "f600233d1b154d507b782f84604bcb12/author_elective_update/sn_docusign_spoke_envelopes_043737a887f24510bc86b889cebb3519.xml": [
      {
        "type": "Base64 High Entropy String",
        "filename": "f600233d1b154d507b782f84604bcb12/author_elective_update/sn_docusign_spoke_envelopes_043737a887f24510bc86b889cebb3519.xml",
        "hashed_secret": "c3886e41e0fe249bae106e45025da2ccbeabbe07",
        "is_verified": false,
        "line_number": 88
      }
    ],
    "f600233d1b154d507b782f84604bcb12/author_elective_update/sn_docusign_spoke_envelopes_07a0bf2087f24510bc86b889cebb35aa.xml": [
      {
        "type": "Base64 High Entropy String",
        "filename": "f600233d1b154d507b782f84604bcb12/author_elective_update/sn_docusign_spoke_envelopes_07a0bf2087f24510bc86b889cebb35aa.xml",
        "hashed_secret": "cbfc68ca6050e46391657055f40a90d6e43094eb",
        "is_verified": false,
        "line_number": 88
      }
    ],
    "f600233d1b154d507b782f84604bcb12/author_elective_update/sn_docusign_spoke_envelopes_0df899f187624d10ec3b777acebb35c8.xml": [
      {
        "type": "Base64 High Entropy String",
        "filename": "f600233d1b154d507b782f84604bcb12/author_elective_update/sn_docusign_spoke_envelopes_0df899f187624d10ec3b777acebb35c8.xml",
        "hashed_secret": "119a300279801fb1f39dcc2c581f43111d289abf",
        "is_verified": false,
        "line_number": 88
      }
    ],
    "f600233d1b154d507b782f84604bcb12/author_elective_update/sn_docusign_spoke_envelopes_11972fa487b24510bc86b889cebb3523.xml": [
      {
        "type": "Base64 High Entropy String",
        "filename": "f600233d1b154d507b782f84604bcb12/author_elective_update/sn_docusign_spoke_envelopes_11972fa487b24510bc86b889cebb3523.xml",
        "hashed_secret": "5889e0f734f273e9664d1f7f197e4ad0c03de8f2",
        "is_verified": false,
        "line_number": 88
      }
    ],
    "f600233d1b154d507b782f84604bcb12/author_elective_update/sn_docusign_spoke_envelopes_a61a450f8772c910bc86b889cebb357c.xml": [
      {
        "type": "Base64 High Entropy String",
        "filename": "f600233d1b154d507b782f84604bcb12/author_elective_update/sn_docusign_spoke_envelopes_a61a450f8772c910bc86b889cebb357c.xml",
        "hashed_secret": "177aa8bfd19e711782fc52ad7606b0c0d849d452",
        "is_verified": false,
        "line_number": 88
      }
    ],
    "f600233d1b154d507b782f84604bcb12/author_elective_update/sn_docusign_spoke_envelopes_f08450a987620d10ec3b777acebb3567.xml": [
      {
        "type": "Base64 High Entropy String",
        "filename": "f600233d1b154d507b782f84604bcb12/author_elective_update/sn_docusign_spoke_envelopes_f08450a987620d10ec3b777acebb3567.xml",
        "hashed_secret": "5fa1af692cd08911134eff0dea556337016c10b7",
        "is_verified": false,
        "line_number": 88
      }
    ],
    "f600233d1b154d507b782f84604bcb12/author_elective_update/sn_docusign_spoke_envelopes_fab1276087b24510bc86b889cebb35ad.xml": [
      {
        "type": "Base64 High Entropy String",
        "filename": "f600233d1b154d507b782f84604bcb12/author_elective_update/sn_docusign_spoke_envelopes_fab1276087b24510bc86b889cebb35ad.xml",
        "hashed_secret": "686b3a2f1d55bfe0c717ee215e82615066a885fc",
        "is_verified": false,
        "line_number": 88
      }
    ],
    "f600233d1b154d507b782f84604bcb12/author_elective_update/sys_hub_flow_4832b5e6873e8910ec3b777acebb350e.xml": [
      {
        "type": "Secret Keyword",
        "filename": "f600233d1b154d507b782f84604bcb12/author_elective_update/sys_hub_flow_4832b5e6873e8910ec3b777acebb350e.xml",
        "hashed_secret": "5ffe533b830f08a0326348a9160afafc8ada44db",
        "is_verified": false,
        "line_number": 14
      }
    ],
    "f600233d1b154d507b782f84604bcb12/author_elective_update/sys_hub_flow_7459e791879e0110bc86b889cebb35cf.xml": [
      {
        "type": "Hex High Entropy String",
        "filename": "f600233d1b154d507b782f84604bcb12/author_elective_update/sys_hub_flow_7459e791879e0110bc86b889cebb35cf.xml",
        "hashed_secret": "1ce4447c8da95701c18c2c272259ffaf7d5a6d0e",
        "is_verified": false,
        "line_number": 14
      },
      {
        "type": "Secret Keyword",
        "filename": "f600233d1b154d507b782f84604bcb12/author_elective_update/sys_hub_flow_7459e791879e0110bc86b889cebb35cf.xml",
        "hashed_secret": "5ffe533b830f08a0326348a9160afafc8ada44db",
        "is_verified": false,
        "line_number": 14
      },
      {
        "type": "Hex High Entropy String",
        "filename": "f600233d1b154d507b782f84604bcb12/author_elective_update/sys_hub_flow_7459e791879e0110bc86b889cebb35cf.xml",
        "hashed_secret": "8a7cba43715fb9d129d87be90e68106829edc732",
        "is_verified": false,
        "line_number": 73
      },
      {
        "type": "Hex High Entropy String",
        "filename": "f600233d1b154d507b782f84604bcb12/author_elective_update/sys_hub_flow_7459e791879e0110bc86b889cebb35cf.xml",
        "hashed_secret": "7768bde53fc1465aeab2440a55e0ac63b9fba5e0",
        "is_verified": false,
        "line_number": 2555
      }
    ],
    "f600233d1b154d507b782f84604bcb12/author_elective_update/sys_hub_flow_784345078772c910bc86b889cebb35c4.xml": [
      {
        "type": "Secret Keyword",
        "filename": "f600233d1b154d507b782f84604bcb12/author_elective_update/sys_hub_flow_784345078772c910bc86b889cebb35c4.xml",
        "hashed_secret": "5ffe533b830f08a0326348a9160afafc8ada44db",
        "is_verified": false,
        "line_number": 14
      },
      {
        "type": "Base64 High Entropy String",
        "filename": "f600233d1b154d507b782f84604bcb12/author_elective_update/sys_hub_flow_784345078772c910bc86b889cebb35c4.xml",
        "hashed_secret": "f20500f50afd23455519d9915fba2b76b2f2b2b0",
        "is_verified": false,
        "line_number": 686
      },
      {
        "type": "Hex High Entropy String",
        "filename": "f600233d1b154d507b782f84604bcb12/author_elective_update/sys_hub_flow_784345078772c910bc86b889cebb35c4.xml",
        "hashed_secret": "1bd963068f6f0f511c16cc021a3bd695b3fb57ab",
        "is_verified": false,
        "line_number": 774
      },
      {
        "type": "Base64 High Entropy String",
        "filename": "f600233d1b154d507b782f84604bcb12/author_elective_update/sys_hub_flow_784345078772c910bc86b889cebb35c4.xml",
        "hashed_secret": "dc94b53b4c5ffb9e77c24e491fe2e179bf0fde95",
        "is_verified": false,
        "line_number": 1470
      }
    ],
    "f600233d1b154d507b782f84604bcb12/author_elective_update/sys_hub_flow_7e31480ddbea91108c045e8cd39619df.xml": [
      {
        "type": "Base64 High Entropy String",
        "filename": "f600233d1b154d507b782f84604bcb12/author_elective_update/sys_hub_flow_7e31480ddbea91108c045e8cd39619df.xml",
        "hashed_secret": "98cd72231735678fcd655ad5c9ffd72afb22debb",
        "is_verified": false,
        "line_number": 69
      },
      {
        "type": "Base64 High Entropy String",
        "filename": "f600233d1b154d507b782f84604bcb12/author_elective_update/sys_hub_flow_7e31480ddbea91108c045e8cd39619df.xml",
        "hashed_secret": "765b4e8024b4044e878d48019b796154db81f53d",
        "is_verified": false,
        "line_number": 71
      }
    ],
    "f600233d1b154d507b782f84604bcb12/author_elective_update/sys_hub_flow_ad3e50e587a20d10ec3b777acebb35bf.xml": [
      {
        "type": "Secret Keyword",
        "filename": "f600233d1b154d507b782f84604bcb12/author_elective_update/sys_hub_flow_ad3e50e587a20d10ec3b777acebb35bf.xml",
        "hashed_secret": "5ffe533b830f08a0326348a9160afafc8ada44db",
        "is_verified": false,
        "line_number": 14
      }
    ],
    "f600233d1b154d507b782f84604bcb12/author_elective_update/sys_hub_flow_c978c40287360910bc86b889cebb35b8.xml": [
      {
        "type": "Secret Keyword",
        "filename": "f600233d1b154d507b782f84604bcb12/author_elective_update/sys_hub_flow_c978c40287360910bc86b889cebb35b8.xml",
        "hashed_secret": "5ffe533b830f08a0326348a9160afafc8ada44db",
        "is_verified": false,
        "line_number": 14
      }
    ],
    "f600233d1b154d507b782f84604bcb12/author_elective_update/sys_ui_application_078012b4874341108ea6cbb9cebb35fd.xml": [
      {
        "type": "Base64 High Entropy String",
        "filename": "f600233d1b154d507b782f84604bcb12/author_elective_update/sys_ui_application_078012b4874341108ea6cbb9cebb35fd.xml",
        "hashed_secret": "352594c74907c4c40bab591ef46f21ea41d47132",
        "is_verified": false,
        "line_number": 88
      }
    ],
    "f600233d1b154d507b782f84604bcb12/author_elective_update/sys_ui_application_10933ffd1b954d507b782f84604bcb79.xml": [
      {
        "type": "Base64 High Entropy String",
        "filename": "f600233d1b154d507b782f84604bcb12/author_elective_update/sys_ui_application_10933ffd1b954d507b782f84604bcb79.xml",
        "hashed_secret": "92fe82fcbf7b2c233e1652a0e5abf181d43cba31",
        "is_verified": false,
        "line_number": 88
      }
    ],
    "f600233d1b154d507b782f84604bcb12/author_elective_update/sys_ui_application_d8356c5f8740d110fb40a68d0ebb3599.xml": [
      {
        "type": "Base64 High Entropy String",
        "filename": "f600233d1b154d507b782f84604bcb12/author_elective_update/sys_ui_application_d8356c5f8740d110fb40a68d0ebb3599.xml",
        "hashed_secret": "5fc4fcf7d0ce2556df1394b00566daf0a9bcecbe",
        "is_verified": false,
        "line_number": 88
      }
    ],
    "f600233d1b154d507b782f84604bcb12/update/sys_atf_step_4078ab7987568110ec3b777acebb3501.xml": [
      {
        "type": "Hex High Entropy String",
        "filename": "f600233d1b154d507b782f84604bcb12/update/sys_atf_step_4078ab7987568110ec3b777acebb3501.xml",
        "hashed_secret": "a15ad27d739ab2f92f2328c9d2b7f583eadd7d48",
        "is_verified": false,
        "line_number": 76
      }
    ],
    "f600233d1b154d507b782f84604bcb12/update/sys_atf_step_494dde2687920510ec3b777acebb3509.xml": [
      {
        "type": "Hex High Entropy String",
        "filename": "f600233d1b154d507b782f84604bcb12/update/sys_atf_step_494dde2687920510ec3b777acebb3509.xml",
        "hashed_secret": "67723666dd20d8d3b9a91010bc43ec93a50bf2f8",
        "is_verified": false,
        "line_number": 46
      }
    ],
    "f600233d1b154d507b782f84604bcb12/update/sys_atf_step_4aa2a66a87920510ec3b777acebb354a.xml": [
      {
        "type": "Hex High Entropy String",
        "filename": "f600233d1b154d507b782f84604bcb12/update/sys_atf_step_4aa2a66a87920510ec3b777acebb354a.xml",
        "hashed_secret": "1786c296788bfea649e1f2afb32c006d52f62df9",
        "is_verified": false,
        "line_number": 99
      }
    ],
    "f600233d1b154d507b782f84604bcb12/update/sys_atf_step_515e9e6687920510ec3b777acebb35aa.xml": [
      {
        "type": "Hex High Entropy String",
        "filename": "f600233d1b154d507b782f84604bcb12/update/sys_atf_step_515e9e6687920510ec3b777acebb35aa.xml",
        "hashed_secret": "3bd4398bf4c95f7ec9f3e89b99249b0356c11555",
        "is_verified": false,
        "line_number": 99
      }
    ],
    "f600233d1b154d507b782f84604bcb12/update/sys_atf_step_606d6ff987568110ec3b777acebb35bf.xml": [
      {
        "type": "Hex High Entropy String",
        "filename": "f600233d1b154d507b782f84604bcb12/update/sys_atf_step_606d6ff987568110ec3b777acebb35bf.xml",
        "hashed_secret": "a15ad27d739ab2f92f2328c9d2b7f583eadd7d48",
        "is_verified": false,
        "line_number": 78
      }
    ],
    "f600233d1b154d507b782f84604bcb12/update/sys_atf_step_64eee3bd87568110ec3b777acebb3505.xml": [
      {
        "type": "Hex High Entropy String",
        "filename": "f600233d1b154d507b782f84604bcb12/update/sys_atf_step_64eee3bd87568110ec3b777acebb3505.xml",
        "hashed_secret": "67723666dd20d8d3b9a91010bc43ec93a50bf2f8",
        "is_verified": false,
        "line_number": 99
      }
    ],
    "f600233d1b154d507b782f84604bcb12/update/sys_atf_step_a2cdd66687920510ec3b777acebb35a0.xml": [
      {
        "type": "Hex High Entropy String",
        "filename": "f600233d1b154d507b782f84604bcb12/update/sys_atf_step_a2cdd66687920510ec3b777acebb35a0.xml",
        "hashed_secret": "67723666dd20d8d3b9a91010bc43ec93a50bf2f8",
        "is_verified": false,
        "line_number": 60
      }
    ],
    "f600233d1b154d507b782f84604bcb12/update/sys_hub_action_type_definition_09b9117687870550bc86b889cebb352e.xml": [
      {
        "type": "Hex High Entropy String",
        "filename": "f600233d1b154d507b782f84604bcb12/update/sys_hub_action_type_definition_09b9117687870550bc86b889cebb352e.xml",
        "hashed_secret": "ca1f7e9e52cc6a6a08b8c7599da308f9138df991",
        "is_verified": false,
        "line_number": 1027
      }
    ],
    "f600233d1b154d507b782f84604bcb12/update/sys_hub_action_type_definition_17594a852fa11110e58359a72799b670.xml": [
      {
        "type": "Hex High Entropy String",
        "filename": "f600233d1b154d507b782f84604bcb12/update/sys_hub_action_type_definition_17594a852fa11110e58359a72799b670.xml",
        "hashed_secret": "c66ac9b06608ea75ba7395c7fad2e9212737a5b8",
        "is_verified": false,
        "line_number": 812
      }
    ],
    "f600233d1b154d507b782f84604bcb12/update/sys_hub_action_type_definition_1d60676497d211106fa8b4b3f153af89.xml": [
      {
        "type": "Hex High Entropy String",
        "filename": "f600233d1b154d507b782f84604bcb12/update/sys_hub_action_type_definition_1d60676497d211106fa8b4b3f153af89.xml",
        "hashed_secret": "b630471ae871d145b99a820b4c916baf53e3520c",
        "is_verified": false,
        "line_number": 1444
      }
    ],
    "f600233d1b154d507b782f84604bcb12/update/sys_hub_action_type_definition_25577ea597e01110ef86d200f153afa4.xml": [
      {
        "type": "Hex High Entropy String",
        "filename": "f600233d1b154d507b782f84604bcb12/update/sys_hub_action_type_definition_25577ea597e01110ef86d200f153afa4.xml",
        "hashed_secret": "70b6544fd2a686bfde1a468e1e3cce13b6c3257b",
        "is_verified": false,
        "line_number": 2508
      }
    ],
    "f600233d1b154d507b782f84604bcb12/update/sys_hub_action_type_definition_35c5ec241ba4d110c385ea85604bcbc5.xml": [
      {
        "type": "Hex High Entropy String",
        "filename": "f600233d1b154d507b782f84604bcb12/update/sys_hub_action_type_definition_35c5ec241ba4d110c385ea85604bcbc5.xml",
        "hashed_secret": "cd84a81988a03858860cc44e0ad814fa1ebb2539",
        "is_verified": false,
        "line_number": 932
      }
    ],
    "f600233d1b154d507b782f84604bcb12/update/sys_hub_action_type_definition_4ed9607b1bef0110c385ea85604bcbcd.xml": [
      {
        "type": "Hex High Entropy String",
        "filename": "f600233d1b154d507b782f84604bcb12/update/sys_hub_action_type_definition_4ed9607b1bef0110c385ea85604bcbcd.xml",
        "hashed_secret": "d3992a97e85858a69aef258dbb8ce5dcabf1ad17",
        "is_verified": false,
        "line_number": 2371
      }
    ],
    "f600233d1b154d507b782f84604bcb12/update/sys_hub_action_type_definition_738c03a4979211106fa8b4b3f153af63.xml": [
      {
        "type": "Base64 High Entropy String",
        "filename": "f600233d1b154d507b782f84604bcb12/update/sys_hub_action_type_definition_738c03a4979211106fa8b4b3f153af63.xml",
        "hashed_secret": "495b7681a3ef59a637209694c044dc88a0359958",
        "is_verified": false,
        "line_number": 2381
      },
      {
        "type": "Base64 High Entropy String",
        "filename": "f600233d1b154d507b782f84604bcb12/update/sys_hub_action_type_definition_738c03a4979211106fa8b4b3f153af63.xml",
        "hashed_secret": "d9bdea91fa0ebdbd71ae31d7d1f418ce297cb0aa",
        "is_verified": false,
        "line_number": 2475
      },
      {
        "type": "Hex High Entropy String",
        "filename": "f600233d1b154d507b782f84604bcb12/update/sys_hub_action_type_definition_738c03a4979211106fa8b4b3f153af63.xml",
        "hashed_secret": "45ec1db643749c49564de7a94917cb865f789929",
        "is_verified": false,
        "line_number": 2479
      },
      {
        "type": "Base64 High Entropy String",
        "filename": "f600233d1b154d507b782f84604bcb12/update/sys_hub_action_type_definition_738c03a4979211106fa8b4b3f153af63.xml",
        "hashed_secret": "7379b410dae64baee1e15d6ba132ab9517a5fc20",
        "is_verified": false,
        "line_number": 4868
      },
      {
        "type": "Base64 High Entropy String",
        "filename": "f600233d1b154d507b782f84604bcb12/update/sys_hub_action_type_definition_738c03a4979211106fa8b4b3f153af63.xml",
        "hashed_secret": "ac90eb5a6bb84badfa0ff124b537c3c1a34d72d9",
        "is_verified": false,
        "line_number": 4962
      }
    ],
    "f600233d1b154d507b782f84604bcb12/update/sys_hub_action_type_definition_82657a551b2111107c458623604bcb46.xml": [
      {
        "type": "Hex High Entropy String",
        "filename": "f600233d1b154d507b782f84604bcb12/update/sys_hub_action_type_definition_82657a551b2111107c458623604bcb46.xml",
        "hashed_secret": "76449ced41f2503371f76a4c5fd975974a9652c2",
        "is_verified": false,
        "line_number": 3027
      }
    ],
    "f600233d1b154d507b782f84604bcb12/update/sys_hub_action_type_definition_8492b2de872201108ea6cbb9cebb359c.xml": [
      {
        "type": "Hex High Entropy String",
        "filename": "f600233d1b154d507b782f84604bcb12/update/sys_hub_action_type_definition_8492b2de872201108ea6cbb9cebb359c.xml",
        "hashed_secret": "7ee15a71ffb6bd54c1c66d8e0d5f3147913f3d97",
        "is_verified": false,
        "line_number": 4369
      }
    ],
    "f600233d1b154d507b782f84604bcb12/update/sys_hub_action_type_definition_8936ad2adbde1510b1227ea5f3961968.xml": [
      {
        "type": "Base64 High Entropy String",
        "filename": "f600233d1b154d507b782f84604bcb12/update/sys_hub_action_type_definition_8936ad2adbde1510b1227ea5f3961968.xml",
        "hashed_secret": "c3a6b6f138ec5b0d45b3bbc701db53d720d55797",
        "is_verified": false,
        "line_number": 1254
      },
      {
        "type": "Base64 High Entropy String",
        "filename": "f600233d1b154d507b782f84604bcb12/update/sys_hub_action_type_definition_8936ad2adbde1510b1227ea5f3961968.xml",
        "hashed_secret": "f8aad4fb294d85935e8d264bec54e69646dbc117",
        "is_verified": false,
        "line_number": 1302
      }
    ],
    "f600233d1b154d507b782f84604bcb12/update/sys_hub_action_type_definition_921e87a8978011101e0835dfe153afb4.xml": [
      {
        "type": "Base64 High Entropy String",
        "filename": "f600233d1b154d507b782f84604bcb12/update/sys_hub_action_type_definition_921e87a8978011101e0835dfe153afb4.xml",
        "hashed_secret": "534fce6393e93b9414e11fb5fe0dd44b15d81f00",
        "is_verified": false,
        "line_number": 496
      },
      {
        "type": "Base64 High Entropy String",
        "filename": "f600233d1b154d507b782f84604bcb12/update/sys_hub_action_type_definition_921e87a8978011101e0835dfe153afb4.xml",
        "hashed_secret": "c7b92445a50021ef87e607ee5a20b4409d5d00f1",
        "is_verified": false,
        "line_number": 1506
      },
      {
        "type": "Base64 High Entropy String",
        "filename": "f600233d1b154d507b782f84604bcb12/update/sys_hub_action_type_definition_921e87a8978011101e0835dfe153afb4.xml",
        "hashed_secret": "e25a05aa1dc2c71b9cbbbb7e25c05a01f962def9",
        "is_verified": false,
        "line_number": 3799
      },
      {
        "type": "Base64 High Entropy String",
        "filename": "f600233d1b154d507b782f84604bcb12/update/sys_hub_action_type_definition_921e87a8978011101e0835dfe153afb4.xml",
        "hashed_secret": "f08f692e36b7dedad0533d01b58a5686db36761a",
        "is_verified": false,
        "line_number": 3916
      },
      {
        "type": "Hex High Entropy String",
        "filename": "f600233d1b154d507b782f84604bcb12/update/sys_hub_action_type_definition_921e87a8978011101e0835dfe153afb4.xml",
        "hashed_secret": "669ec6bfdb8888d0b8c07ffcfc0067ce1313c91b",
        "is_verified": false,
        "line_number": 3920
      },
      {
        "type": "Base64 High Entropy String",
        "filename": "f600233d1b154d507b782f84604bcb12/update/sys_hub_action_type_definition_921e87a8978011101e0835dfe153afb4.xml",
        "hashed_secret": "395c0c92db8e3b651bef96840b577ed3970c0b78",
        "is_verified": false,
        "line_number": 4424
      },
      {
        "type": "Base64 High Entropy String",
        "filename": "f600233d1b154d507b782f84604bcb12/update/sys_hub_action_type_definition_921e87a8978011101e0835dfe153afb4.xml",
        "hashed_secret": "1653dae156d008e7a4d7a3da6446d1d09330ee61",
        "is_verified": false,
        "line_number": 5467
      },
      {
        "type": "Base64 High Entropy String",
        "filename": "f600233d1b154d507b782f84604bcb12/update/sys_hub_action_type_definition_921e87a8978011101e0835dfe153afb4.xml",
        "hashed_secret": "1ba15a7f13792fefcaa4e688775ada7eab312162",
        "is_verified": false,
        "line_number": 7727
      },
      {
        "type": "Base64 High Entropy String",
        "filename": "f600233d1b154d507b782f84604bcb12/update/sys_hub_action_type_definition_921e87a8978011101e0835dfe153afb4.xml",
        "hashed_secret": "428de1dd0aa70675ffa61346be30171f51c70993",
        "is_verified": false,
        "line_number": 7844
      }
    ],
    "f600233d1b154d507b782f84604bcb12/update/sys_hub_action_type_definition_92ea0409970411101e0835dfe153af2f.xml": [
      {
        "type": "Hex High Entropy String",
        "filename": "f600233d1b154d507b782f84604bcb12/update/sys_hub_action_type_definition_92ea0409970411101e0835dfe153af2f.xml",
        "hashed_secret": "22fb5caa0f34e1b13d42f7466e71ff1721a8a5d3",
        "is_verified": false,
        "line_number": 1183
      }
    ],
    "f600233d1b154d507b782f84604bcb12/update/sys_hub_action_type_definition_9d560a2d1b7151107c458623604bcbc0.xml": [
      {
        "type": "Hex High Entropy String",
        "filename": "f600233d1b154d507b782f84604bcb12/update/sys_hub_action_type_definition_9d560a2d1b7151107c458623604bcbc0.xml",
        "hashed_secret": "36aa2f2cbfe12a8a38e9bc3cbcc929921c299be8",
        "is_verified": false,
        "line_number": 596
      }
    ],
    "f600233d1b154d507b782f84604bcb12/update/sys_hub_action_type_definition_ae1e62bedb1a59108c045e8cd396190a.xml": [
      {
        "type": "Base64 High Entropy String",
        "filename": "f600233d1b154d507b782f84604bcb12/update/sys_hub_action_type_definition_ae1e62bedb1a59108c045e8cd396190a.xml",
        "hashed_secret": "541071f1e687d8c21222dfea7653c6ac54253950",
        "is_verified": false,
        "line_number": 625
      },
      {
        "type": "Base64 High Entropy String",
        "filename": "f600233d1b154d507b782f84604bcb12/update/sys_hub_action_type_definition_ae1e62bedb1a59108c045e8cd396190a.xml",
        "hashed_secret": "5e44bf38151622c4299705adc3c703ecd1161d51",
        "is_verified": false,
        "line_number": 1106
      },
      {
        "type": "Base64 High Entropy String",
        "filename": "f600233d1b154d507b782f84604bcb12/update/sys_hub_action_type_definition_ae1e62bedb1a59108c045e8cd396190a.xml",
        "hashed_secret": "1a2ae894c8332462534d62d67a71a198cefcb75c",
        "is_verified": false,
        "line_number": 1177
      },
      {
        "type": "Hex High Entropy String",
        "filename": "f600233d1b154d507b782f84604bcb12/update/sys_hub_action_type_definition_ae1e62bedb1a59108c045e8cd396190a.xml",
        "hashed_secret": "4eb151f9b0de606090794909fb1f57d8f4ae8f30",
        "is_verified": false,
        "line_number": 1181
      }
    ],
    "f600233d1b154d507b782f84604bcb12/update/sys_hub_action_type_definition_bee1a06087025510bc86b889cebb355c.xml": [
      {
        "type": "Hex High Entropy String",
        "filename": "f600233d1b154d507b782f84604bcb12/update/sys_hub_action_type_definition_bee1a06087025510bc86b889cebb355c.xml",
        "hashed_secret": "19375adb10cb5bcadcabb1028e937a62c3985218",
        "is_verified": false,
        "line_number": 1876
      }
    ],
    "f600233d1b154d507b782f84604bcb12/update/sys_hub_action_type_definition_c5c9be2997e01110ef86d200f153afd3.xml": [
      {
        "type": "Hex High Entropy String",
        "filename": "f600233d1b154d507b782f84604bcb12/update/sys_hub_action_type_definition_c5c9be2997e01110ef86d200f153afd3.xml",
        "hashed_secret": "f3186083ed131a404863e1e8385bbc8e9442e8ca",
        "is_verified": false,
        "line_number": 1144
      }
    ],
    "f600233d1b154d507b782f84604bcb12/update/sys_hub_action_type_definition_d90b24681ba4d110c385ea85604bcbe9.xml": [
      {
        "type": "Base64 High Entropy String",
        "filename": "f600233d1b154d507b782f84604bcb12/update/sys_hub_action_type_definition_d90b24681ba4d110c385ea85604bcbe9.xml",
        "hashed_secret": "f65a0b2d24ad765659208b7bae447573c11fd0e7",
        "is_verified": false,
        "line_number": 1005
      },
      {
        "type": "Base64 High Entropy String",
        "filename": "f600233d1b154d507b782f84604bcb12/update/sys_hub_action_type_definition_d90b24681ba4d110c385ea85604bcbe9.xml",
        "hashed_secret": "7508d8f6faa4fa32efb16e17711b53b5fcfd3ae8",
        "is_verified": false,
        "line_number": 1099
      },
      {
        "type": "Hex High Entropy String",
        "filename": "f600233d1b154d507b782f84604bcb12/update/sys_hub_action_type_definition_d90b24681ba4d110c385ea85604bcbe9.xml",
        "hashed_secret": "772427858a0fba5c11d0803e5d6428ec101d5fea",
        "is_verified": false,
        "line_number": 1103
      },
      {
        "type": "Base64 High Entropy String",
        "filename": "f600233d1b154d507b782f84604bcb12/update/sys_hub_action_type_definition_d90b24681ba4d110c385ea85604bcbe9.xml",
        "hashed_secret": "ea6383b14970f5355f363a9d42f3b2dc32c10c2b",
        "is_verified": false,
        "line_number": 2116
      },
      {
        "type": "Base64 High Entropy String",
        "filename": "f600233d1b154d507b782f84604bcb12/update/sys_hub_action_type_definition_d90b24681ba4d110c385ea85604bcbe9.xml",
        "hashed_secret": "5fd1e1931a357241c4fae7696adfcee978d47713",
        "is_verified": false,
        "line_number": 2210
      }
    ],
    "f600233d1b154d507b782f84604bcb12/update/sys_hub_action_type_definition_f323d3fe2fc01110e58359a72799b644.xml": [
      {
        "type": "Hex High Entropy String",
        "filename": "f600233d1b154d507b782f84604bcb12/update/sys_hub_action_type_definition_f323d3fe2fc01110e58359a72799b644.xml",
        "hashed_secret": "2d5ec87e53b834170d1054c528dfc1b97b3d2f1a",
        "is_verified": false,
        "line_number": 1466
      }
    ],
    "f600233d1b154d507b782f84604bcb12/update/sys_hub_action_type_definition_fb481d412f611110e58359a72799b634.xml": [
      {
        "type": "Hex High Entropy String",
        "filename": "f600233d1b154d507b782f84604bcb12/update/sys_hub_action_type_definition_fb481d412f611110e58359a72799b634.xml",
        "hashed_secret": "f149e49db6f8bcc2b35ce0422d5fd7b5d27ca172",
        "is_verified": false,
        "line_number": 632
      }
    ],
    "f600233d1b154d507b782f84604bcb12/update/sys_hub_flow_0f782c951b3111107c458623604bcbc4.xml": [
      {
        "type": "Hex High Entropy String",
        "filename": "f600233d1b154d507b782f84604bcb12/update/sys_hub_flow_0f782c951b3111107c458623604bcbc4.xml",
        "hashed_secret": "b6f01afa47b6ffebcb2dc8843fce7bcbbd13ff6a",
        "is_verified": false,
        "line_number": 86
      }
    ],
    "f600233d1b154d507b782f84604bcb12/update/sys_hub_flow_1249fe21db1ed1908c045e8cd3961936.xml": [
      {
        "type": "Secret Keyword",
        "filename": "f600233d1b154d507b782f84604bcb12/update/sys_hub_flow_1249fe21db1ed1908c045e8cd3961936.xml",
        "hashed_secret": "5ffe533b830f08a0326348a9160afafc8ada44db",
        "is_verified": false,
        "line_number": 14
      },
      {
        "type": "Hex High Entropy String",
        "filename": "f600233d1b154d507b782f84604bcb12/update/sys_hub_flow_1249fe21db1ed1908c045e8cd3961936.xml",
        "hashed_secret": "d6226b8f527b44bbfe53e39b0a24a3c0e0868114",
        "is_verified": false,
        "line_number": 14
      },
      {
        "type": "Hex High Entropy String",
        "filename": "f600233d1b154d507b782f84604bcb12/update/sys_hub_flow_1249fe21db1ed1908c045e8cd3961936.xml",
        "hashed_secret": "25ac732363d9adc4a0690b41edb10908415f2498",
        "is_verified": false,
        "line_number": 84
      },
      {
        "type": "Base64 High Entropy String",
        "filename": "f600233d1b154d507b782f84604bcb12/update/sys_hub_flow_1249fe21db1ed1908c045e8cd3961936.xml",
        "hashed_secret": "826aad9a1c5d8865af4c988217931dc6e55ef7c7",
        "is_verified": false,
        "line_number": 2019
      },
      {
        "type": "Base64 High Entropy String",
        "filename": "f600233d1b154d507b782f84604bcb12/update/sys_hub_flow_1249fe21db1ed1908c045e8cd3961936.xml",
        "hashed_secret": "50b8ba5fb4a1aa2c1c443a74cb5af6dd8b01d0fa",
        "is_verified": false,
        "line_number": 2021
      },
      {
        "type": "Hex High Entropy String",
        "filename": "f600233d1b154d507b782f84604bcb12/update/sys_hub_flow_1249fe21db1ed1908c045e8cd3961936.xml",
        "hashed_secret": "6af6d53d6661e21dc138cad9e3f70617f50daeb2",
        "is_verified": false,
        "line_number": 2026
      },
      {
        "type": "Base64 High Entropy String",
        "filename": "f600233d1b154d507b782f84604bcb12/update/sys_hub_flow_1249fe21db1ed1908c045e8cd3961936.xml",
        "hashed_secret": "4c4e0a8265cf59e0204ceda0bfafd6d82afc594b",
        "is_verified": false,
        "line_number": 3986
      },
      {
        "type": "Base64 High Entropy String",
        "filename": "f600233d1b154d507b782f84604bcb12/update/sys_hub_flow_1249fe21db1ed1908c045e8cd3961936.xml",
        "hashed_secret": "dcfc1744ad6de9190f9e238090038f93dc7042c4",
        "is_verified": false,
        "line_number": 3988
      }
    ],
    "f600233d1b154d507b782f84604bcb12/update/sys_hub_flow_168d67fa2fe01110e58359a72799b65a.xml": [
      {
        "type": "Hex High Entropy String",
        "filename": "f600233d1b154d507b782f84604bcb12/update/sys_hub_flow_168d67fa2fe01110e58359a72799b65a.xml",
        "hashed_secret": "fa4c5a000568fb14c1c700540e63e19eba27b294",
        "is_verified": false,
        "line_number": 341
      }
    ],
    "f600233d1b154d507b782f84604bcb12/update/sys_hub_flow_29672c3b1bef0110c385ea85604bcb5c.xml": [
      {
        "type": "Secret Keyword",
        "filename": "f600233d1b154d507b782f84604bcb12/update/sys_hub_flow_29672c3b1bef0110c385ea85604bcb5c.xml",
        "hashed_secret": "5ffe533b830f08a0326348a9160afafc8ada44db",
        "is_verified": false,
        "line_number": 14
      },
      {
        "type": "Hex High Entropy String",
        "filename": "f600233d1b154d507b782f84604bcb12/update/sys_hub_flow_29672c3b1bef0110c385ea85604bcb5c.xml",
        "hashed_secret": "b62d614f00f6924bdc5846d316ae46a98d9456f0",
        "is_verified": false,
        "line_number": 14
      }
    ],
    "f600233d1b154d507b782f84604bcb12/update/sys_hub_flow_2b0de9aedbde1510b1227ea5f3961996.xml": [
      {
        "type": "Secret Keyword",
        "filename": "f600233d1b154d507b782f84604bcb12/update/sys_hub_flow_2b0de9aedbde1510b1227ea5f3961996.xml",
        "hashed_secret": "5ffe533b830f08a0326348a9160afafc8ada44db",
        "is_verified": false,
        "line_number": 14
      },
      {
        "type": "Base64 High Entropy String",
        "filename": "f600233d1b154d507b782f84604bcb12/update/sys_hub_flow_2b0de9aedbde1510b1227ea5f3961996.xml",
        "hashed_secret": "bf8b28201bf34b22dda827fc1afa7738644f2365",
        "is_verified": false,
        "line_number": 818
      },
      {
        "type": "Base64 High Entropy String",
        "filename": "f600233d1b154d507b782f84604bcb12/update/sys_hub_flow_2b0de9aedbde1510b1227ea5f3961996.xml",
        "hashed_secret": "38e2c70d503d6b52f25cd0e0a16e5075c5dee2bd",
        "is_verified": false,
        "line_number": 819
      },
      {
        "type": "Base64 High Entropy String",
        "filename": "f600233d1b154d507b782f84604bcb12/update/sys_hub_flow_2b0de9aedbde1510b1227ea5f3961996.xml",
        "hashed_secret": "706a4a474e96711c8bfe140dff7a31c0cb0e1ea2",
        "is_verified": false,
        "line_number": 1652
      },
      {
        "type": "Base64 High Entropy String",
        "filename": "f600233d1b154d507b782f84604bcb12/update/sys_hub_flow_2b0de9aedbde1510b1227ea5f3961996.xml",
        "hashed_secret": "6d560c653ddfc3c6f1aa3575f7f3325f1644a93b",
        "is_verified": false,
        "line_number": 1653
      }
    ],
    "f600233d1b154d507b782f84604bcb12/update/sys_hub_flow_2f8108cddbea91108c045e8cd39619a7.xml": [
      {
        "type": "Secret Keyword",
        "filename": "f600233d1b154d507b782f84604bcb12/update/sys_hub_flow_2f8108cddbea91108c045e8cd39619a7.xml",
        "hashed_secret": "5ffe533b830f08a0326348a9160afafc8ada44db",
        "is_verified": false,
        "line_number": 14
      }
    ],
    "f600233d1b154d507b782f84604bcb12/update/sys_hub_flow_415914d0877bc910ec3b777acebb3592.xml": [
      {
        "type": "Secret Keyword",
        "filename": "f600233d1b154d507b782f84604bcb12/update/sys_hub_flow_415914d0877bc910ec3b777acebb3592.xml",
        "hashed_secret": "5ffe533b830f08a0326348a9160afafc8ada44db",
        "is_verified": false,
        "line_number": 14
      },
      {
        "type": "Base64 High Entropy String",
        "filename": "f600233d1b154d507b782f84604bcb12/update/sys_hub_flow_415914d0877bc910ec3b777acebb3592.xml",
        "hashed_secret": "f4c99edad2d6e003e3b77e8f84c47f6fbbb34ba9",
        "is_verified": false,
        "line_number": 2113
      },
      {
        "type": "Base64 High Entropy String",
        "filename": "f600233d1b154d507b782f84604bcb12/update/sys_hub_flow_415914d0877bc910ec3b777acebb3592.xml",
        "hashed_secret": "acf7c7d5eee27465a82e4c8306f04450df8774dc",
        "is_verified": false,
        "line_number": 2114
      },
      {
        "type": "Base64 High Entropy String",
        "filename": "f600233d1b154d507b782f84604bcb12/update/sys_hub_flow_415914d0877bc910ec3b777acebb3592.xml",
        "hashed_secret": "f25acf7629afd8f72cdc6c81351e0418109ae80b",
        "is_verified": false,
        "line_number": 4228
      },
      {
        "type": "Base64 High Entropy String",
        "filename": "f600233d1b154d507b782f84604bcb12/update/sys_hub_flow_415914d0877bc910ec3b777acebb3592.xml",
        "hashed_secret": "6faf546e6028d46c4d3bc1a83092e72110c55b07",
        "is_verified": false,
        "line_number": 4229
      }
    ],
    "f600233d1b154d507b782f84604bcb12/update/sys_hub_flow_435590ca87360910bc86b889cebb3569.xml": [
      {
        "type": "Hex High Entropy String",
        "filename": "f600233d1b154d507b782f84604bcb12/update/sys_hub_flow_435590ca87360910bc86b889cebb3569.xml",
        "hashed_secret": "4c65eeb8a93103af8a188ddef8abf6a03e7e81c2",
        "is_verified": false,
        "line_number": 14
      },
      {
        "type": "Secret Keyword",
        "filename": "f600233d1b154d507b782f84604bcb12/update/sys_hub_flow_435590ca87360910bc86b889cebb3569.xml",
        "hashed_secret": "5ffe533b830f08a0326348a9160afafc8ada44db",
        "is_verified": false,
        "line_number": 14
      }
    ],
    "f600233d1b154d507b782f84604bcb12/update/sys_hub_flow_4d620d838772c910bc86b889cebb3522.xml": [
      {
        "type": "Secret Keyword",
        "filename": "f600233d1b154d507b782f84604bcb12/update/sys_hub_flow_4d620d838772c910bc86b889cebb3522.xml",
        "hashed_secret": "5ffe533b830f08a0326348a9160afafc8ada44db",
        "is_verified": false,
        "line_number": 14
      },
      {
        "type": "Hex High Entropy String",
        "filename": "f600233d1b154d507b782f84604bcb12/update/sys_hub_flow_4d620d838772c910bc86b889cebb3522.xml",
        "hashed_secret": "43f3fa944384698dd4ac6a89f3bddf6e8210e507",
        "is_verified": false,
        "line_number": 73
      },
      {
        "type": "Hex High Entropy String",
        "filename": "f600233d1b154d507b782f84604bcb12/update/sys_hub_flow_4d620d838772c910bc86b889cebb3522.xml",
        "hashed_secret": "63ab4a6c463aff17ad4d73b063d87e9c8dbe24d8",
        "is_verified": false,
        "line_number": 10528
      },
      {
        "type": "Hex High Entropy String",
        "filename": "f600233d1b154d507b782f84604bcb12/update/sys_hub_flow_4d620d838772c910bc86b889cebb3522.xml",
        "hashed_secret": "520a46b9b61f2d6c828861acbc820393bad18c39",
        "is_verified": false,
        "line_number": 10562
      },
      {
        "type": "Hex High Entropy String",
        "filename": "f600233d1b154d507b782f84604bcb12/update/sys_hub_flow_4d620d838772c910bc86b889cebb3522.xml",
        "hashed_secret": "a16364cc5a9db05270a4570ebe460bb8388d2b12",
        "is_verified": false,
        "line_number": 10596
      },
      {
        "type": "Hex High Entropy String",
        "filename": "f600233d1b154d507b782f84604bcb12/update/sys_hub_flow_4d620d838772c910bc86b889cebb3522.xml",
        "hashed_secret": "40218759da55f1d3031f7fd6010c3905ddff23ae",
        "is_verified": false,
        "line_number": 10960
      }
    ],
    "f600233d1b154d507b782f84604bcb12/update/sys_hub_flow_5010c76f87ac9910ec3b777acebb35c0.xml": [
      {
        "type": "Secret Keyword",
        "filename": "f600233d1b154d507b782f84604bcb12/update/sys_hub_flow_5010c76f87ac9910ec3b777acebb35c0.xml",
        "hashed_secret": "5ffe533b830f08a0326348a9160afafc8ada44db",
        "is_verified": false,
        "line_number": 14
      },
      {
        "type": "Base64 High Entropy String",
        "filename": "f600233d1b154d507b782f84604bcb12/update/sys_hub_flow_5010c76f87ac9910ec3b777acebb35c0.xml",
        "hashed_secret": "9f774890e070796888de0b5a27ce738324dea165",
        "is_verified": false,
        "line_number": 2714
      },
      {
        "type": "Base64 High Entropy String",
        "filename": "f600233d1b154d507b782f84604bcb12/update/sys_hub_flow_5010c76f87ac9910ec3b777acebb35c0.xml",
        "hashed_secret": "df9b1a9e1784865532b982d8d4eb21d4c340ef0a",
        "is_verified": false,
        "line_number": 2715
      },
      {
        "type": "Base64 High Entropy String",
        "filename": "f600233d1b154d507b782f84604bcb12/update/sys_hub_flow_5010c76f87ac9910ec3b777acebb35c0.xml",
        "hashed_secret": "cbdf04035c95e2bb2dd0bfeb54deb78dc86cc072",
        "is_verified": false,
        "line_number": 5444
      },
      {
        "type": "Base64 High Entropy String",
        "filename": "f600233d1b154d507b782f84604bcb12/update/sys_hub_flow_5010c76f87ac9910ec3b777acebb35c0.xml",
        "hashed_secret": "32078f98734ee95e75849764221a770e37bc0522",
        "is_verified": false,
        "line_number": 5445
      }
    ],
    "f600233d1b154d507b782f84604bcb12/update/sys_hub_flow_6b39c150877c9910bc86b889cebb359f.xml": [
      {
        "type": "Hex High Entropy String",
        "filename": "f600233d1b154d507b782f84604bcb12/update/sys_hub_flow_6b39c150877c9910bc86b889cebb359f.xml",
        "hashed_secret": "34bec10dfbfc4a008549611f4ebafad19088f539",
        "is_verified": false,
        "line_number": 14
      },
      {
        "type": "Secret Keyword",
        "filename": "f600233d1b154d507b782f84604bcb12/update/sys_hub_flow_6b39c150877c9910bc86b889cebb359f.xml",
        "hashed_secret": "5ffe533b830f08a0326348a9160afafc8ada44db",
        "is_verified": false,
        "line_number": 14
      },
      {
        "type": "Hex High Entropy String",
        "filename": "f600233d1b154d507b782f84604bcb12/update/sys_hub_flow_6b39c150877c9910bc86b889cebb359f.xml",
        "hashed_secret": "6a97af4ba1c4fd7ad932fc3b5098606bb11fb4fa",
        "is_verified": false,
        "line_number": 14
      },
      {
        "type": "Base64 High Entropy String",
        "filename": "f600233d1b154d507b782f84604bcb12/update/sys_hub_flow_6b39c150877c9910bc86b889cebb359f.xml",
        "hashed_secret": "4f2bb52a480741220a05a2df693bb1840e929640",
        "is_verified": false,
        "line_number": 1348
      },
      {
        "type": "Base64 High Entropy String",
        "filename": "f600233d1b154d507b782f84604bcb12/update/sys_hub_flow_6b39c150877c9910bc86b889cebb359f.xml",
        "hashed_secret": "249b872b06a109395b28aa7d48f2b87298df7664",
        "is_verified": false,
        "line_number": 1349
      },
      {
        "type": "Hex High Entropy String",
        "filename": "f600233d1b154d507b782f84604bcb12/update/sys_hub_flow_6b39c150877c9910bc86b889cebb359f.xml",
        "hashed_secret": "f0b8db50e65898cba16c06baf2b773cb5e5fa9ba",
        "is_verified": false,
        "line_number": 1354
      },
      {
        "type": "Base64 High Entropy String",
        "filename": "f600233d1b154d507b782f84604bcb12/update/sys_hub_flow_6b39c150877c9910bc86b889cebb359f.xml",
        "hashed_secret": "3a161324373a2481dcb7a9c3b38ec448e24fadea",
        "is_verified": false,
        "line_number": 10705
      },
      {
        "type": "Base64 High Entropy String",
        "filename": "f600233d1b154d507b782f84604bcb12/update/sys_hub_flow_6b39c150877c9910bc86b889cebb359f.xml",
        "hashed_secret": "da5f10221da1bdb2f0580a85833a844f85da8aef",
        "is_verified": false,
        "line_number": 10706
      }
    ],
    "f600233d1b154d507b782f84604bcb12/update/sys_hub_flow_8aea65a51b3151107c458623604bcb44.xml": [
      {
        "type": "Hex High Entropy String",
        "filename": "f600233d1b154d507b782f84604bcb12/update/sys_hub_flow_8aea65a51b3151107c458623604bcb44.xml",
        "hashed_secret": "0164657868b2199d30260321f8d4317e249f32ec",
        "is_verified": false,
        "line_number": 1396
      },
      {
        "type": "Hex High Entropy String",
        "filename": "f600233d1b154d507b782f84604bcb12/update/sys_hub_flow_8aea65a51b3151107c458623604bcb44.xml",
        "hashed_secret": "3c1a0e60a14e3bde03a7f08cf9c4430daae8ad9a",
        "is_verified": false,
        "line_number": 1396
      },
      {
        "type": "Secret Keyword",
        "filename": "f600233d1b154d507b782f84604bcb12/update/sys_hub_flow_8aea65a51b3151107c458623604bcb44.xml",
        "hashed_secret": "5ffe533b830f08a0326348a9160afafc8ada44db",
        "is_verified": false,
        "line_number": 1396
      },
      {
        "type": "Hex High Entropy String",
        "filename": "f600233d1b154d507b782f84604bcb12/update/sys_hub_flow_8aea65a51b3151107c458623604bcb44.xml",
        "hashed_secret": "b2b64444ee67311ab06bc713d645167aa1cd847b",
        "is_verified": false,
        "line_number": 1396
      }
    ],
    "f600233d1b154d507b782f84604bcb12/update/sys_hub_flow_a2c491cd2f211110e58359a72799b665.xml": [
      {
        "type": "Hex High Entropy String",
        "filename": "f600233d1b154d507b782f84604bcb12/update/sys_hub_flow_a2c491cd2f211110e58359a72799b665.xml",
        "hashed_secret": "0164657868b2199d30260321f8d4317e249f32ec",
        "is_verified": false,
        "line_number": 14
      },
      {
        "type": "Secret Keyword",
        "filename": "f600233d1b154d507b782f84604bcb12/update/sys_hub_flow_a2c491cd2f211110e58359a72799b665.xml",
        "hashed_secret": "5ffe533b830f08a0326348a9160afafc8ada44db",
        "is_verified": false,
        "line_number": 14
      },
      {
        "type": "Hex High Entropy String",
        "filename": "f600233d1b154d507b782f84604bcb12/update/sys_hub_flow_a2c491cd2f211110e58359a72799b665.xml",
        "hashed_secret": "b2b64444ee67311ab06bc713d645167aa1cd847b",
        "is_verified": false,
        "line_number": 14
      }
    ],
    "f600233d1b154d507b782f84604bcb12/update/sys_hub_flow_aefc04e8878e1510bc86b889cebb359f.xml": [
      {
        "type": "Hex High Entropy String",
        "filename": "f600233d1b154d507b782f84604bcb12/update/sys_hub_flow_aefc04e8878e1510bc86b889cebb359f.xml",
        "hashed_secret": "9597ab30843d8973153b393512c1f6e6e1ab5566",
        "is_verified": false,
        "line_number": 15
      }
    ],
    "f600233d1b154d507b782f84604bcb12/update/sys_hub_flow_b0eac3e0979211106fa8b4b3f153af48.xml": [
      {
        "type": "Secret Keyword",
        "filename": "f600233d1b154d507b782f84604bcb12/update/sys_hub_flow_b0eac3e0979211106fa8b4b3f153af48.xml",
        "hashed_secret": "5ffe533b830f08a0326348a9160afafc8ada44db",
        "is_verified": false,
        "line_number": 14
      },
      {
        "type": "Hex High Entropy String",
        "filename": "f600233d1b154d507b782f84604bcb12/update/sys_hub_flow_b0eac3e0979211106fa8b4b3f153af48.xml",
        "hashed_secret": "d6226b8f527b44bbfe53e39b0a24a3c0e0868114",
        "is_verified": false,
        "line_number": 14
      },
      {
        "type": "Hex High Entropy String",
        "filename": "f600233d1b154d507b782f84604bcb12/update/sys_hub_flow_b0eac3e0979211106fa8b4b3f153af48.xml",
        "hashed_secret": "d6c91bd01414566b6c2bb0e8814110fccf50259d",
        "is_verified": false,
        "line_number": 14
      },
      {
        "type": "Hex High Entropy String",
        "filename": "f600233d1b154d507b782f84604bcb12/update/sys_hub_flow_b0eac3e0979211106fa8b4b3f153af48.xml",
        "hashed_secret": "1b96ce7c8d0e6426b81b12faeb7e067ef9e6003c",
        "is_verified": false,
        "line_number": 84
      },
      {
        "type": "Base64 High Entropy String",
        "filename": "f600233d1b154d507b782f84604bcb12/update/sys_hub_flow_b0eac3e0979211106fa8b4b3f153af48.xml",
        "hashed_secret": "a6ac8c64e2aadda16494adf3292fafedd2cfd83b",
        "is_verified": false,
        "line_number": 516
      },
      {
        "type": "Base64 High Entropy String",
        "filename": "f600233d1b154d507b782f84604bcb12/update/sys_hub_flow_b0eac3e0979211106fa8b4b3f153af48.xml",
        "hashed_secret": "ef35c7b6d99bedc2c614e0c8e540e8cd479ea7fa",
        "is_verified": false,
        "line_number": 518
      },
      {
        "type": "Base64 High Entropy String",
        "filename": "f600233d1b154d507b782f84604bcb12/update/sys_hub_flow_b0eac3e0979211106fa8b4b3f153af48.xml",
        "hashed_secret": "c927f94dc2201a667843709bb14e4ff1f27a7587",
        "is_verified": false,
        "line_number": 994
      },
      {
        "type": "Base64 High Entropy String",
        "filename": "f600233d1b154d507b782f84604bcb12/update/sys_hub_flow_b0eac3e0979211106fa8b4b3f153af48.xml",
        "hashed_secret": "ac16d3be8d037139051724ce8a90164dda72c870",
        "is_verified": false,
        "line_number": 996
      }
    ],
    "f600233d1b154d507b782f84604bcb12/update/sys_hub_flow_ba34b984877601108ea6cbb9cebb35aa.xml": [
      {
        "type": "Secret Keyword",
        "filename": "f600233d1b154d507b782f84604bcb12/update/sys_hub_flow_ba34b984877601108ea6cbb9cebb35aa.xml",
        "hashed_secret": "5ffe533b830f08a0326348a9160afafc8ada44db",
        "is_verified": false,
        "line_number": 14
      },
      {
        "type": "Hex High Entropy String",
        "filename": "f600233d1b154d507b782f84604bcb12/update/sys_hub_flow_ba34b984877601108ea6cbb9cebb35aa.xml",
        "hashed_secret": "b584a050a95aa01bb0d135ae32dcfee67ee601a3",
        "is_verified": false,
        "line_number": 72
      },
      {
        "type": "Base64 High Entropy String",
        "filename": "f600233d1b154d507b782f84604bcb12/update/sys_hub_flow_ba34b984877601108ea6cbb9cebb35aa.xml",
        "hashed_secret": "3d1a9ef128d0b8d59cc6e7636b6562caabe2432a",
        "is_verified": false,
        "line_number": 1001
      },
      {
        "type": "Base64 High Entropy String",
        "filename": "f600233d1b154d507b782f84604bcb12/update/sys_hub_flow_ba34b984877601108ea6cbb9cebb35aa.xml",
        "hashed_secret": "e93323fdccbd26f02f5aff5805744a490bf0bdca",
        "is_verified": false,
        "line_number": 1002
      },
      {
        "type": "Hex High Entropy String",
        "filename": "f600233d1b154d507b782f84604bcb12/update/sys_hub_flow_ba34b984877601108ea6cbb9cebb35aa.xml",
        "hashed_secret": "8190cbe8a728588986eae553fc2e293e9d20da44",
        "is_verified": false,
        "line_number": 1007
      },
      {
        "type": "Hex High Entropy String",
        "filename": "f600233d1b154d507b782f84604bcb12/update/sys_hub_flow_ba34b984877601108ea6cbb9cebb35aa.xml",
        "hashed_secret": "00d7981083cce877d03dea93978924ae56fc8285",
        "is_verified": false,
        "line_number": 1034
      },
      {
        "type": "Base64 High Entropy String",
        "filename": "f600233d1b154d507b782f84604bcb12/update/sys_hub_flow_ba34b984877601108ea6cbb9cebb35aa.xml",
        "hashed_secret": "0bd2672ca938cec979558e08cac37053413acf01",
        "is_verified": false,
        "line_number": 1699
      },
      {
        "type": "Base64 High Entropy String",
        "filename": "f600233d1b154d507b782f84604bcb12/update/sys_hub_flow_ba34b984877601108ea6cbb9cebb35aa.xml",
        "hashed_secret": "a25b4292725cb2f63947f0176860460f3001cbfd",
        "is_verified": false,
        "line_number": 1700
      }
    ],
    "f600233d1b154d507b782f84604bcb12/update/sys_hub_flow_c111a10787f2c910bc86b889cebb351d.xml": [
      {
        "type": "Secret Keyword",
        "filename": "f600233d1b154d507b782f84604bcb12/update/sys_hub_flow_c111a10787f2c910bc86b889cebb351d.xml",
        "hashed_secret": "5ffe533b830f08a0326348a9160afafc8ada44db",
        "is_verified": false,
        "line_number": 14
      },
      {
        "type": "Base64 High Entropy String",
        "filename": "f600233d1b154d507b782f84604bcb12/update/sys_hub_flow_c111a10787f2c910bc86b889cebb351d.xml",
        "hashed_secret": "38e0eda2902832efa0df233054dd22d36a6f9c2a",
        "is_verified": false,
        "line_number": 1071
      },
      {
        "type": "Hex High Entropy String",
        "filename": "f600233d1b154d507b782f84604bcb12/update/sys_hub_flow_c111a10787f2c910bc86b889cebb351d.xml",
        "hashed_secret": "3b37338a38eb28e32999bcdd38a1392ef5874546",
        "is_verified": false,
        "line_number": 1205
      },
      {
        "type": "Base64 High Entropy String",
        "filename": "f600233d1b154d507b782f84604bcb12/update/sys_hub_flow_c111a10787f2c910bc86b889cebb351d.xml",
        "hashed_secret": "476108f1f27527da904fbdaf611d5509c6bf3cfa",
        "is_verified": false,
        "line_number": 2274
      }
    ],
    "f600233d1b154d507b782f84604bcb12/update/sys_hub_flow_d6c6e8b12fe11110e58359a72799b6be.xml": [
      {
        "type": "Hex High Entropy String",
        "filename": "f600233d1b154d507b782f84604bcb12/update/sys_hub_flow_d6c6e8b12fe11110e58359a72799b6be.xml",
        "hashed_secret": "234337705845f39591807107a6b3fbc4df66804f",
        "is_verified": false,
        "line_number": 14
      },
      {
        "type": "Hex High Entropy String",
        "filename": "f600233d1b154d507b782f84604bcb12/update/sys_hub_flow_d6c6e8b12fe11110e58359a72799b6be.xml",
        "hashed_secret": "31e787b86b63fcb53b63f24ed2ae832ddf417704",
        "is_verified": false,
        "line_number": 14
      },
      {
        "type": "Secret Keyword",
        "filename": "f600233d1b154d507b782f84604bcb12/update/sys_hub_flow_d6c6e8b12fe11110e58359a72799b6be.xml",
        "hashed_secret": "5ffe533b830f08a0326348a9160afafc8ada44db",
        "is_verified": false,
        "line_number": 14
      },
      {
        "type": "Hex High Entropy String",
        "filename": "f600233d1b154d507b782f84604bcb12/update/sys_hub_flow_d6c6e8b12fe11110e58359a72799b6be.xml",
        "hashed_secret": "b81bd1c723bc2e245b395420f548942aa5f81f3e",
        "is_verified": false,
        "line_number": 14
      }
    ],
    "f600233d1b154d507b782f84604bcb12/update/sys_hub_flow_e6d476cf873ac910bc86b889cebb35e8.xml": [
      {
        "type": "Secret Keyword",
        "filename": "f600233d1b154d507b782f84604bcb12/update/sys_hub_flow_e6d476cf873ac910bc86b889cebb35e8.xml",
        "hashed_secret": "5ffe533b830f08a0326348a9160afafc8ada44db",
        "is_verified": false,
        "line_number": 14
      },
      {
        "type": "Hex High Entropy String",
        "filename": "f600233d1b154d507b782f84604bcb12/update/sys_hub_flow_e6d476cf873ac910bc86b889cebb35e8.xml",
        "hashed_secret": "1155447f402ee3370f5107d6f3ed771c7e77c1d1",
        "is_verified": false,
        "line_number": 422
      }
    ],
    "f600233d1b154d507b782f84604bcb12/update/sys_hub_flow_eeb2040a1bacd510c385ea85604bcbf4.xml": [
      {
        "type": "Base64 High Entropy String",
        "filename": "f600233d1b154d507b782f84604bcb12/update/sys_hub_flow_eeb2040a1bacd510c385ea85604bcbf4.xml",
        "hashed_secret": "22c9b132cf49057207a7506487a30dfb6c6c75f9",
        "is_verified": false,
        "line_number": 844
      },
      {
        "type": "Base64 High Entropy String",
        "filename": "f600233d1b154d507b782f84604bcb12/update/sys_hub_flow_eeb2040a1bacd510c385ea85604bcbf4.xml",
        "hashed_secret": "ffafe2f475ff37abd3b3415968e44ad88be68392",
        "is_verified": false,
        "line_number": 846
      }
    ],
    "f600233d1b154d507b782f84604bcb12/update/sys_hub_flow_f1e5b0a01be4d110c385ea85604bcbbf.xml": [
      {
        "type": "Hex High Entropy String",
        "filename": "f600233d1b154d507b782f84604bcb12/update/sys_hub_flow_f1e5b0a01be4d110c385ea85604bcbbf.xml",
        "hashed_secret": "4d6669fce3346d4e62ab9c43a38f5a1f31dee843",
        "is_verified": false,
        "line_number": 14
      },
      {
        "type": "Secret Keyword",
        "filename": "f600233d1b154d507b782f84604bcb12/update/sys_hub_flow_f1e5b0a01be4d110c385ea85604bcbbf.xml",
        "hashed_secret": "5ffe533b830f08a0326348a9160afafc8ada44db",
        "is_verified": false,
        "line_number": 14
      },
      {
        "type": "Hex High Entropy String",
        "filename": "f600233d1b154d507b782f84604bcb12/update/sys_hub_flow_f1e5b0a01be4d110c385ea85604bcbbf.xml",
        "hashed_secret": "a0aaedb06775407115b824466b88bfcc611cf537",
        "is_verified": false,
        "line_number": 14
      },
      {
        "type": "Hex High Entropy String",
        "filename": "f600233d1b154d507b782f84604bcb12/update/sys_hub_flow_f1e5b0a01be4d110c385ea85604bcbbf.xml",
        "hashed_secret": "c6da7177eb0b3049d114c54f7ed046e92fe1b28a",
        "is_verified": false,
        "line_number": 14
      },
      {
        "type": "Base64 High Entropy String",
        "filename": "f600233d1b154d507b782f84604bcb12/update/sys_hub_flow_f1e5b0a01be4d110c385ea85604bcbbf.xml",
        "hashed_secret": "87e5a08d6ff3e556b38a891c154a78962fa81d43",
        "is_verified": false,
        "line_number": 664
      },
      {
        "type": "Base64 High Entropy String",
        "filename": "f600233d1b154d507b782f84604bcb12/update/sys_hub_flow_f1e5b0a01be4d110c385ea85604bcbbf.xml",
        "hashed_secret": "80b7b5f6e9db295bfdf4aa0641ca11f60d17ee79",
        "is_verified": false,
        "line_number": 712
      },
      {
        "type": "Base64 High Entropy String",
        "filename": "f600233d1b154d507b782f84604bcb12/update/sys_hub_flow_f1e5b0a01be4d110c385ea85604bcbbf.xml",
        "hashed_secret": "792ed27e97cc061e05d7ed1e87cd83528cfd770c",
        "is_verified": false,
        "line_number": 1352
      },
      {
        "type": "Base64 High Entropy String",
        "filename": "f600233d1b154d507b782f84604bcb12/update/sys_hub_flow_f1e5b0a01be4d110c385ea85604bcbbf.xml",
        "hashed_secret": "2a6022b5049cdf68b11a7f18f37947645fad0395",
        "is_verified": false,
        "line_number": 1400
      }
    ],
    "f600233d1b154d507b782f84604bcb12/update/sys_script_796665eb871281108ea6cbb9cebb35f8.xml": [
      {
        "type": "Hex High Entropy String",
        "filename": "f600233d1b154d507b782f84604bcb12/update/sys_script_796665eb871281108ea6cbb9cebb35f8.xml",
        "hashed_secret": "bf33bbcf887de8a5ae65ad5b9a63975c2e6a4766",
        "is_verified": false,
        "line_number": 18
      }
    ],
    "f600233d1b154d507b782f84604bcb12/update/sys_script_7cd27203871e01108ea6cbb9cebb35a8.xml": [
      {
        "type": "Hex High Entropy String",
        "filename": "f600233d1b154d507b782f84604bcb12/update/sys_script_7cd27203871e01108ea6cbb9cebb35a8.xml",
        "hashed_secret": "bf33bbcf887de8a5ae65ad5b9a63975c2e6a4766",
        "is_verified": false,
        "line_number": 18
      }
    ],
    "f600233d1b154d507b782f84604bcb12/update/sys_ui_form_sections_b41233e087f24510bc86b889cebb3586.xml": [
      {
        "type": "Hex High Entropy String",
        "filename": "f600233d1b154d507b782f84604bcb12/update/sys_ui_form_sections_b41233e087f24510bc86b889cebb3586.xml",
        "hashed_secret": "8f646952165f3e7f765f40bb2b07483a423afb0e",
        "is_verified": false,
        "line_number": 12
      }
    ],
    "f600233d1b154d507b782f84604bcb12/update/sys_ui_page_0bfd335edb7055d08c045e8cd39619b3.xml": [
      {
        "type": "Base64 High Entropy String",
        "filename": "f600233d1b154d507b782f84604bcb12/update/sys_ui_page_0bfd335edb7055d08c045e8cd39619b3.xml",
        "hashed_secret": "d701ae979aff8cd32fb8f32e290eb0a9c9daf115",
        "is_verified": false,
        "line_number": 30
      },
      {
        "type": "Base64 High Entropy String",
        "filename": "f600233d1b154d507b782f84604bcb12/update/sys_ui_page_0bfd335edb7055d08c045e8cd39619b3.xml",
        "hashed_secret": "c21bcee1e3281be65f0736f349cb7799c67ae96f",
        "is_verified": false,
        "line_number": 31
      }
    ]
  },
  "generated_at": "2022-10-14T22:25:53Z"
}
