{
  "version": "1.2.0",
  "plugins_used": [
    {
      "name": "ArtifactoryDetector"
    },
    {
      "name": "AWSKeyDetector"
    },
    {
      "name": "AzureStorageKeyDetector"
    },
    {
      "name": "Base64HighEntropyString",
      "limit": 4.5
    },
    {
      "name": "BasicAuthDetector"
    },
    {
      "name": "CloudantDetector"
    },
    {
      "name": "GitHubTokenDetector"
    },
    {
      "name": "HexHighEntropyString",
      "limit": 3.0
    },
    {
      "name": "IbmCloudIamDetector"
    },
    {
      "name": "IbmCosHmacDetector"
    },
    {
      "name": "JwtTokenDetector"
    },
    {
      "name": "KeywordDetector",
      "keyword_exclude": ""
    },
    {
      "name": "MailchimpDetector"
    },
    {
      "name": "NpmDetector"
    },
    {
      "name": "PrivateKeyDetector"
    },
    {
      "name": "SendGridDetector"
    },
    {
      "name": "SlackDetector"
    },
    {
      "name": "SoftlayerDetector"
    },
    {
      "name": "SquareOAuthDetector"
    },
    {
      "name": "StripeDetector"
    },
    {
      "name": "TwilioKeyDetector"
    }
  ],
  "filters_used": [
    {
      "path": "detect_secrets.filters.allowlist.is_line_allowlisted"
    },
    {
      "path": "detect_secrets.filters.common.is_baseline_file",
      "filename": ".secrets.baseline"
    },
    {
      "path": "detect_secrets.filters.common.is_ignored_due_to_verification_policies",
      "min_level": 2
    },
    {
      "path": "detect_secrets.filters.heuristic.is_indirect_reference"
    },
    {
      "path": "detect_secrets.filters.heuristic.is_likely_id_string"
    },
    {
      "path": "detect_secrets.filters.heuristic.is_lock_file"
    },
    {
      "path": "detect_secrets.filters.heuristic.is_not_alphanumeric_string"
    },
    {
      "path": "detect_secrets.filters.heuristic.is_potential_uuid"
    },
    {
      "path": "detect_secrets.filters.heuristic.is_prefixed_with_dollar_sign"
    },
    {
      "path": "detect_secrets.filters.heuristic.is_sequential_string"
    },
    {
      "path": "detect_secrets.filters.heuristic.is_swagger_file"
    },
    {
      "path": "detect_secrets.filters.heuristic.is_templated_secret"
    },
    {
      "path": "detect_secrets.filters.regex.should_exclude_file",
      "pattern": [
        "package-lock.json"
      ]
    }
  ],
  "results": {
    "f600233d1b154d507b782f84604bcb12/author_elective_update/sn_docusign_spoke_envelopes_043737a887f24510bc86b889cebb3519.xml": [
      {
        "type": "Base64 High Entropy String",
        "filename": "f600233d1b154d507b782f84604bcb12/author_elective_update/sn_docusign_spoke_envelopes_043737a887f24510bc86b889cebb3519.xml",
        "hashed_secret": "c3886e41e0fe249bae106e45025da2ccbeabbe07",
        "is_verified": false,
        "line_number": 88
      }
    ],
    "f600233d1b154d507b782f84604bcb12/author_elective_update/sn_docusign_spoke_envelopes_07a0bf2087f24510bc86b889cebb35aa.xml": [
      {
        "type": "Base64 High Entropy String",
        "filename": "f600233d1b154d507b782f84604bcb12/author_elective_update/sn_docusign_spoke_envelopes_07a0bf2087f24510bc86b889cebb35aa.xml",
        "hashed_secret": "cbfc68ca6050e46391657055f40a90d6e43094eb",
        "is_verified": false,
        "line_number": 88
      }
    ],
    "f600233d1b154d507b782f84604bcb12/author_elective_update/sn_docusign_spoke_envelopes_0df899f187624d10ec3b777acebb35c8.xml": [
      {
        "type": "Base64 High Entropy String",
        "filename": "f600233d1b154d507b782f84604bcb12/author_elective_update/sn_docusign_spoke_envelopes_0df899f187624d10ec3b777acebb35c8.xml",
        "hashed_secret": "119a300279801fb1f39dcc2c581f43111d289abf",
        "is_verified": false,
        "line_number": 88
      }
    ],
    "f600233d1b154d507b782f84604bcb12/author_elective_update/sn_docusign_spoke_envelopes_11972fa487b24510bc86b889cebb3523.xml": [
      {
        "type": "Base64 High Entropy String",
        "filename": "f600233d1b154d507b782f84604bcb12/author_elective_update/sn_docusign_spoke_envelopes_11972fa487b24510bc86b889cebb3523.xml",
        "hashed_secret": "5889e0f734f273e9664d1f7f197e4ad0c03de8f2",
        "is_verified": false,
        "line_number": 88
      }
    ],
    "f600233d1b154d507b782f84604bcb12/author_elective_update/sn_docusign_spoke_envelopes_a61a450f8772c910bc86b889cebb357c.xml": [
      {
        "type": "Base64 High Entropy String",
        "filename": "f600233d1b154d507b782f84604bcb12/author_elective_update/sn_docusign_spoke_envelopes_a61a450f8772c910bc86b889cebb357c.xml",
        "hashed_secret": "177aa8bfd19e711782fc52ad7606b0c0d849d452",
        "is_verified": false,
        "line_number": 88
      }
    ],
    "f600233d1b154d507b782f84604bcb12/author_elective_update/sn_docusign_spoke_envelopes_f08450a987620d10ec3b777acebb3567.xml": [
      {
        "type": "Base64 High Entropy String",
        "filename": "f600233d1b154d507b782f84604bcb12/author_elective_update/sn_docusign_spoke_envelopes_f08450a987620d10ec3b777acebb3567.xml",
        "hashed_secret": "5fa1af692cd08911134eff0dea556337016c10b7",
        "is_verified": false,
        "line_number": 88
      }
    ],
    "f600233d1b154d507b782f84604bcb12/author_elective_update/sn_docusign_spoke_envelopes_fab1276087b24510bc86b889cebb35ad.xml": [
      {
        "type": "Base64 High Entropy String",
        "filename": "f600233d1b154d507b782f84604bcb12/author_elective_update/sn_docusign_spoke_envelopes_fab1276087b24510bc86b889cebb35ad.xml",
        "hashed_secret": "686b3a2f1d55bfe0c717ee215e82615066a885fc",
        "is_verified": false,
        "line_number": 88
      }
    ],
    "f600233d1b154d507b782f84604bcb12/author_elective_update/sys_hub_flow_4832b5e6873e8910ec3b777acebb350e.xml": [
      {
        "type": "Secret Keyword",
        "filename": "f600233d1b154d507b782f84604bcb12/author_elective_update/sys_hub_flow_4832b5e6873e8910ec3b777acebb350e.xml",
        "hashed_secret": "5ffe533b830f08a0326348a9160afafc8ada44db",
        "is_verified": false,
        "line_number": 14
      }
    ],
    "f600233d1b154d507b782f84604bcb12/author_elective_update/sys_hub_flow_ad3e50e587a20d10ec3b777acebb35bf.xml": [
      {
        "type": "Secret Keyword",
        "filename": "f600233d1b154d507b782f84604bcb12/author_elective_update/sys_hub_flow_ad3e50e587a20d10ec3b777acebb35bf.xml",
        "hashed_secret": "5ffe533b830f08a0326348a9160afafc8ada44db",
        "is_verified": false,
        "line_number": 14
      }
    ],
    "f600233d1b154d507b782f84604bcb12/update/sys_atf_step_4078ab7987568110ec3b777acebb3501.xml": [
      {
        "type": "Hex High Entropy String",
        "filename": "f600233d1b154d507b782f84604bcb12/update/sys_atf_step_4078ab7987568110ec3b777acebb3501.xml",
        "hashed_secret": "a15ad27d739ab2f92f2328c9d2b7f583eadd7d48",
        "is_verified": false,
        "line_number": 76
      }
    ],
    "f600233d1b154d507b782f84604bcb12/update/sys_atf_step_494dde2687920510ec3b777acebb3509.xml": [
      {
        "type": "Hex High Entropy String",
        "filename": "f600233d1b154d507b782f84604bcb12/update/sys_atf_step_494dde2687920510ec3b777acebb3509.xml",
        "hashed_secret": "67723666dd20d8d3b9a91010bc43ec93a50bf2f8",
        "is_verified": false,
        "line_number": 46
      }
    ],
    "f600233d1b154d507b782f84604bcb12/update/sys_atf_step_4aa2a66a87920510ec3b777acebb354a.xml": [
      {
        "type": "Hex High Entropy String",
        "filename": "f600233d1b154d507b782f84604bcb12/update/sys_atf_step_4aa2a66a87920510ec3b777acebb354a.xml",
        "hashed_secret": "1786c296788bfea649e1f2afb32c006d52f62df9",
        "is_verified": false,
        "line_number": 99
      }
    ],
    "f600233d1b154d507b782f84604bcb12/update/sys_atf_step_515e9e6687920510ec3b777acebb35aa.xml": [
      {
        "type": "Hex High Entropy String",
        "filename": "f600233d1b154d507b782f84604bcb12/update/sys_atf_step_515e9e6687920510ec3b777acebb35aa.xml",
        "hashed_secret": "3bd4398bf4c95f7ec9f3e89b99249b0356c11555",
        "is_verified": false,
        "line_number": 99
      }
    ],
    "f600233d1b154d507b782f84604bcb12/update/sys_atf_step_606d6ff987568110ec3b777acebb35bf.xml": [
      {
        "type": "Hex High Entropy String",
        "filename": "f600233d1b154d507b782f84604bcb12/update/sys_atf_step_606d6ff987568110ec3b777acebb35bf.xml",
        "hashed_secret": "a15ad27d739ab2f92f2328c9d2b7f583eadd7d48",
        "is_verified": false,
        "line_number": 78
      }
    ],
    "f600233d1b154d507b782f84604bcb12/update/sys_atf_step_64eee3bd87568110ec3b777acebb3505.xml": [
      {
        "type": "Hex High Entropy String",
        "filename": "f600233d1b154d507b782f84604bcb12/update/sys_atf_step_64eee3bd87568110ec3b777acebb3505.xml",
        "hashed_secret": "67723666dd20d8d3b9a91010bc43ec93a50bf2f8",
        "is_verified": false,
        "line_number": 99
      }
    ],
    "f600233d1b154d507b782f84604bcb12/update/sys_atf_step_a2cdd66687920510ec3b777acebb35a0.xml": [
      {
        "type": "Hex High Entropy String",
        "filename": "f600233d1b154d507b782f84604bcb12/update/sys_atf_step_a2cdd66687920510ec3b777acebb35a0.xml",
        "hashed_secret": "67723666dd20d8d3b9a91010bc43ec93a50bf2f8",
        "is_verified": false,
        "line_number": 60
      }
    ],
    "f600233d1b154d507b782f84604bcb12/update/sys_hub_action_type_definition_921e87a8978011101e0835dfe153afb4.xml": [
      {
        "type": "Base64 High Entropy String",
        "filename": "f600233d1b154d507b782f84604bcb12/update/sys_hub_action_type_definition_921e87a8978011101e0835dfe153afb4.xml",
        "hashed_secret": "534fce6393e93b9414e11fb5fe0dd44b15d81f00",
        "is_verified": false,
        "line_number": 496
      },
      {
        "type": "Base64 High Entropy String",
        "filename": "f600233d1b154d507b782f84604bcb12/update/sys_hub_action_type_definition_921e87a8978011101e0835dfe153afb4.xml",
        "hashed_secret": "c7b92445a50021ef87e607ee5a20b4409d5d00f1",
        "is_verified": false,
        "line_number": 1506
      },
      {
        "type": "Base64 High Entropy String",
        "filename": "f600233d1b154d507b782f84604bcb12/update/sys_hub_action_type_definition_921e87a8978011101e0835dfe153afb4.xml",
        "hashed_secret": "e25a05aa1dc2c71b9cbbbb7e25c05a01f962def9",
        "is_verified": false,
        "line_number": 3694
      },
      {
        "type": "Base64 High Entropy String",
        "filename": "f600233d1b154d507b782f84604bcb12/update/sys_hub_action_type_definition_921e87a8978011101e0835dfe153afb4.xml",
        "hashed_secret": "f08f692e36b7dedad0533d01b58a5686db36761a",
        "is_verified": false,
        "line_number": 3811
      },
      {
        "type": "Base64 High Entropy String",
        "filename": "f600233d1b154d507b782f84604bcb12/update/sys_hub_action_type_definition_921e87a8978011101e0835dfe153afb4.xml",
        "hashed_secret": "395c0c92db8e3b651bef96840b577ed3970c0b78",
        "is_verified": false,
        "line_number": 4319
      },
      {
        "type": "Base64 High Entropy String",
        "filename": "f600233d1b154d507b782f84604bcb12/update/sys_hub_action_type_definition_921e87a8978011101e0835dfe153afb4.xml",
        "hashed_secret": "1653dae156d008e7a4d7a3da6446d1d09330ee61",
        "is_verified": false,
        "line_number": 5362
      },
      {
        "type": "Base64 High Entropy String",
        "filename": "f600233d1b154d507b782f84604bcb12/update/sys_hub_action_type_definition_921e87a8978011101e0835dfe153afb4.xml",
        "hashed_secret": "1ba15a7f13792fefcaa4e688775ada7eab312162",
        "is_verified": false,
        "line_number": 7517
      },
      {
        "type": "Base64 High Entropy String",
        "filename": "f600233d1b154d507b782f84604bcb12/update/sys_hub_action_type_definition_921e87a8978011101e0835dfe153afb4.xml",
        "hashed_secret": "428de1dd0aa70675ffa61346be30171f51c70993",
        "is_verified": false,
        "line_number": 7634
      }
    ],
    "f600233d1b154d507b782f84604bcb12/update/sys_hub_action_type_definition_d90b24681ba4d110c385ea85604bcbe9.xml": [
      {
        "type": "Base64 High Entropy String",
        "filename": "f600233d1b154d507b782f84604bcb12/update/sys_hub_action_type_definition_d90b24681ba4d110c385ea85604bcbe9.xml",
        "hashed_secret": "f65a0b2d24ad765659208b7bae447573c11fd0e7",
        "is_verified": false,
        "line_number": 1005
      },
      {
        "type": "Base64 High Entropy String",
        "filename": "f600233d1b154d507b782f84604bcb12/update/sys_hub_action_type_definition_d90b24681ba4d110c385ea85604bcbe9.xml",
        "hashed_secret": "7508d8f6faa4fa32efb16e17711b53b5fcfd3ae8",
        "is_verified": false,
        "line_number": 1099
      },
      {
        "type": "Base64 High Entropy String",
        "filename": "f600233d1b154d507b782f84604bcb12/update/sys_hub_action_type_definition_d90b24681ba4d110c385ea85604bcbe9.xml",
        "hashed_secret": "ea6383b14970f5355f363a9d42f3b2dc32c10c2b",
        "is_verified": false,
        "line_number": 2116
      },
      {
        "type": "Base64 High Entropy String",
        "filename": "f600233d1b154d507b782f84604bcb12/update/sys_hub_action_type_definition_d90b24681ba4d110c385ea85604bcbe9.xml",
        "hashed_secret": "5fd1e1931a357241c4fae7696adfcee978d47713",
        "is_verified": false,
        "line_number": 2210
      }
    ],
    "f600233d1b154d507b782f84604bcb12/update/sys_hub_flow_415914d0877bc910ec3b777acebb3592.xml": [
      {
        "type": "Secret Keyword",
        "filename": "f600233d1b154d507b782f84604bcb12/update/sys_hub_flow_415914d0877bc910ec3b777acebb3592.xml",
        "hashed_secret": "5ffe533b830f08a0326348a9160afafc8ada44db",
        "is_verified": false,
        "line_number": 14
      },
      {
        "type": "Base64 High Entropy String",
        "filename": "f600233d1b154d507b782f84604bcb12/update/sys_hub_flow_415914d0877bc910ec3b777acebb3592.xml",
        "hashed_secret": "f4c99edad2d6e003e3b77e8f84c47f6fbbb34ba9",
        "is_verified": false,
        "line_number": 2113
      },
      {
        "type": "Base64 High Entropy String",
        "filename": "f600233d1b154d507b782f84604bcb12/update/sys_hub_flow_415914d0877bc910ec3b777acebb3592.xml",
        "hashed_secret": "acf7c7d5eee27465a82e4c8306f04450df8774dc",
        "is_verified": false,
        "line_number": 2114
      },
      {
        "type": "Base64 High Entropy String",
        "filename": "f600233d1b154d507b782f84604bcb12/update/sys_hub_flow_415914d0877bc910ec3b777acebb3592.xml",
        "hashed_secret": "f25acf7629afd8f72cdc6c81351e0418109ae80b",
        "is_verified": false,
        "line_number": 4228
      },
      {
        "type": "Base64 High Entropy String",
        "filename": "f600233d1b154d507b782f84604bcb12/update/sys_hub_flow_415914d0877bc910ec3b777acebb3592.xml",
        "hashed_secret": "6faf546e6028d46c4d3bc1a83092e72110c55b07",
        "is_verified": false,
        "line_number": 4229
      }
    ],
    "f600233d1b154d507b782f84604bcb12/update/sys_hub_flow_4d620d838772c910bc86b889cebb3522.xml": [
      {
        "type": "Secret Keyword",
        "filename": "f600233d1b154d507b782f84604bcb12/update/sys_hub_flow_4d620d838772c910bc86b889cebb3522.xml",
        "hashed_secret": "5ffe533b830f08a0326348a9160afafc8ada44db",
        "is_verified": false,
        "line_number": 14
      }
    ],
    "f600233d1b154d507b782f84604bcb12/update/sys_hub_flow_5010c76f87ac9910ec3b777acebb35c0.xml": [
      {
        "type": "Secret Keyword",
        "filename": "f600233d1b154d507b782f84604bcb12/update/sys_hub_flow_5010c76f87ac9910ec3b777acebb35c0.xml",
        "hashed_secret": "5ffe533b830f08a0326348a9160afafc8ada44db",
        "is_verified": false,
        "line_number": 14
      },
      {
        "type": "Base64 High Entropy String",
        "filename": "f600233d1b154d507b782f84604bcb12/update/sys_hub_flow_5010c76f87ac9910ec3b777acebb35c0.xml",
        "hashed_secret": "9f774890e070796888de0b5a27ce738324dea165",
        "is_verified": false,
        "line_number": 2714
      },
      {
        "type": "Base64 High Entropy String",
        "filename": "f600233d1b154d507b782f84604bcb12/update/sys_hub_flow_5010c76f87ac9910ec3b777acebb35c0.xml",
        "hashed_secret": "df9b1a9e1784865532b982d8d4eb21d4c340ef0a",
        "is_verified": false,
        "line_number": 2715
      },
      {
        "type": "Base64 High Entropy String",
        "filename": "f600233d1b154d507b782f84604bcb12/update/sys_hub_flow_5010c76f87ac9910ec3b777acebb35c0.xml",
        "hashed_secret": "cbdf04035c95e2bb2dd0bfeb54deb78dc86cc072",
        "is_verified": false,
        "line_number": 5444
      },
      {
        "type": "Base64 High Entropy String",
        "filename": "f600233d1b154d507b782f84604bcb12/update/sys_hub_flow_5010c76f87ac9910ec3b777acebb35c0.xml",
        "hashed_secret": "32078f98734ee95e75849764221a770e37bc0522",
        "is_verified": false,
        "line_number": 5445
      }
    ],
    "f600233d1b154d507b782f84604bcb12/update/sys_hub_flow_6b39c150877c9910bc86b889cebb359f.xml": [
      {
        "type": "Secret Keyword",
        "filename": "f600233d1b154d507b782f84604bcb12/update/sys_hub_flow_6b39c150877c9910bc86b889cebb359f.xml",
        "hashed_secret": "5ffe533b830f08a0326348a9160afafc8ada44db",
        "is_verified": false,
        "line_number": 14
      },
      {
        "type": "Base64 High Entropy String",
        "filename": "f600233d1b154d507b782f84604bcb12/update/sys_hub_flow_6b39c150877c9910bc86b889cebb359f.xml",
        "hashed_secret": "4f2bb52a480741220a05a2df693bb1840e929640",
        "is_verified": false,
        "line_number": 9401
      },
      {
        "type": "Base64 High Entropy String",
        "filename": "f600233d1b154d507b782f84604bcb12/update/sys_hub_flow_6b39c150877c9910bc86b889cebb359f.xml",
        "hashed_secret": "249b872b06a109395b28aa7d48f2b87298df7664",
        "is_verified": false,
        "line_number": 9402
      },
      {
        "type": "Base64 High Entropy String",
        "filename": "f600233d1b154d507b782f84604bcb12/update/sys_hub_flow_6b39c150877c9910bc86b889cebb359f.xml",
        "hashed_secret": "3a161324373a2481dcb7a9c3b38ec448e24fadea",
        "is_verified": false,
        "line_number": 18818
      },
      {
        "type": "Base64 High Entropy String",
        "filename": "f600233d1b154d507b782f84604bcb12/update/sys_hub_flow_6b39c150877c9910bc86b889cebb359f.xml",
        "hashed_secret": "da5f10221da1bdb2f0580a85833a844f85da8aef",
        "is_verified": false,
        "line_number": 18819
      }
    ],
    "f600233d1b154d507b782f84604bcb12/update/sys_hub_flow_7459e791879e0110bc86b889cebb35cf.xml": [
      {
        "type": "Secret Keyword",
        "filename": "f600233d1b154d507b782f84604bcb12/update/sys_hub_flow_7459e791879e0110bc86b889cebb35cf.xml",
        "hashed_secret": "5ffe533b830f08a0326348a9160afafc8ada44db",
        "is_verified": false,
        "line_number": 14
      }
    ],
    "f600233d1b154d507b782f84604bcb12/update/sys_hub_flow_784345078772c910bc86b889cebb35c4.xml": [
      {
        "type": "Base64 High Entropy String",
        "filename": "f600233d1b154d507b782f84604bcb12/update/sys_hub_flow_784345078772c910bc86b889cebb35c4.xml",
        "hashed_secret": "f20500f50afd23455519d9915fba2b76b2f2b2b0",
        "is_verified": false,
        "line_number": 686
      },
      {
        "type": "Base64 High Entropy String",
        "filename": "f600233d1b154d507b782f84604bcb12/update/sys_hub_flow_784345078772c910bc86b889cebb35c4.xml",
        "hashed_secret": "dc94b53b4c5ffb9e77c24e491fe2e179bf0fde95",
        "is_verified": false,
        "line_number": 1470
      }
    ],
    "f600233d1b154d507b782f84604bcb12/update/sys_hub_flow_ba34b984877601108ea6cbb9cebb35aa.xml": [
      {
        "type": "Secret Keyword",
        "filename": "f600233d1b154d507b782f84604bcb12/update/sys_hub_flow_ba34b984877601108ea6cbb9cebb35aa.xml",
        "hashed_secret": "5ffe533b830f08a0326348a9160afafc8ada44db",
        "is_verified": false,
        "line_number": 14
      }
    ],
    "f600233d1b154d507b782f84604bcb12/update/sys_hub_flow_c111a10787f2c910bc86b889cebb351d.xml": [
      {
        "type": "Secret Keyword",
        "filename": "f600233d1b154d507b782f84604bcb12/update/sys_hub_flow_c111a10787f2c910bc86b889cebb351d.xml",
        "hashed_secret": "5ffe533b830f08a0326348a9160afafc8ada44db",
        "is_verified": false,
        "line_number": 14
      },
      {
        "type": "Base64 High Entropy String",
        "filename": "f600233d1b154d507b782f84604bcb12/update/sys_hub_flow_c111a10787f2c910bc86b889cebb351d.xml",
        "hashed_secret": "38e0eda2902832efa0df233054dd22d36a6f9c2a",
        "is_verified": false,
        "line_number": 1071
      },
      {
        "type": "Base64 High Entropy String",
        "filename": "f600233d1b154d507b782f84604bcb12/update/sys_hub_flow_c111a10787f2c910bc86b889cebb351d.xml",
        "hashed_secret": "476108f1f27527da904fbdaf611d5509c6bf3cfa",
        "is_verified": false,
        "line_number": 2274
      }
    ],
    "f600233d1b154d507b782f84604bcb12/update/sys_hub_flow_c978c40287360910bc86b889cebb35b8.xml": [
      {
        "type": "Secret Keyword",
        "filename": "f600233d1b154d507b782f84604bcb12/update/sys_hub_flow_c978c40287360910bc86b889cebb35b8.xml",
        "hashed_secret": "5ffe533b830f08a0326348a9160afafc8ada44db",
        "is_verified": false,
        "line_number": 14
      }
    ],
    "f600233d1b154d507b782f84604bcb12/update/sys_hub_flow_e57ec3fa2fc01110e58359a72799b622.xml": [
      {
        "type": "Secret Keyword",
        "filename": "f600233d1b154d507b782f84604bcb12/update/sys_hub_flow_e57ec3fa2fc01110e58359a72799b622.xml",
        "hashed_secret": "5ffe533b830f08a0326348a9160afafc8ada44db",
        "is_verified": false,
        "line_number": 14
      }
    ],
    "f600233d1b154d507b782f84604bcb12/update/sys_hub_flow_e6d476cf873ac910bc86b889cebb35e8.xml": [
      {
        "type": "Secret Keyword",
        "filename": "f600233d1b154d507b782f84604bcb12/update/sys_hub_flow_e6d476cf873ac910bc86b889cebb35e8.xml",
        "hashed_secret": "5ffe533b830f08a0326348a9160afafc8ada44db",
        "is_verified": false,
        "line_number": 14
      }
    ],
    "f600233d1b154d507b782f84604bcb12/update/sys_hub_flow_eeb2040a1bacd510c385ea85604bcbf4.xml": [
      {
        "type": "Base64 High Entropy String",
        "filename": "f600233d1b154d507b782f84604bcb12/update/sys_hub_flow_eeb2040a1bacd510c385ea85604bcbf4.xml",
        "hashed_secret": "22c9b132cf49057207a7506487a30dfb6c6c75f9",
        "is_verified": false,
        "line_number": 844
      },
      {
        "type": "Base64 High Entropy String",
        "filename": "f600233d1b154d507b782f84604bcb12/update/sys_hub_flow_eeb2040a1bacd510c385ea85604bcbf4.xml",
        "hashed_secret": "ffafe2f475ff37abd3b3415968e44ad88be68392",
        "is_verified": false,
        "line_number": 846
      }
    ],
    "f600233d1b154d507b782f84604bcb12/update/sys_hub_flow_f1e5b0a01be4d110c385ea85604bcbbf.xml": [
      {
        "type": "Secret Keyword",
        "filename": "f600233d1b154d507b782f84604bcb12/update/sys_hub_flow_f1e5b0a01be4d110c385ea85604bcbbf.xml",
        "hashed_secret": "5ffe533b830f08a0326348a9160afafc8ada44db",
        "is_verified": false,
        "line_number": 14
      },
      {
        "type": "Base64 High Entropy String",
        "filename": "f600233d1b154d507b782f84604bcb12/update/sys_hub_flow_f1e5b0a01be4d110c385ea85604bcbbf.xml",
        "hashed_secret": "87e5a08d6ff3e556b38a891c154a78962fa81d43",
        "is_verified": false,
        "line_number": 664
      },
      {
        "type": "Base64 High Entropy String",
        "filename": "f600233d1b154d507b782f84604bcb12/update/sys_hub_flow_f1e5b0a01be4d110c385ea85604bcbbf.xml",
        "hashed_secret": "80b7b5f6e9db295bfdf4aa0641ca11f60d17ee79",
        "is_verified": false,
        "line_number": 712
      },
      {
        "type": "Base64 High Entropy String",
        "filename": "f600233d1b154d507b782f84604bcb12/update/sys_hub_flow_f1e5b0a01be4d110c385ea85604bcbbf.xml",
        "hashed_secret": "792ed27e97cc061e05d7ed1e87cd83528cfd770c",
        "is_verified": false,
        "line_number": 1352
      },
      {
        "type": "Base64 High Entropy String",
        "filename": "f600233d1b154d507b782f84604bcb12/update/sys_hub_flow_f1e5b0a01be4d110c385ea85604bcbbf.xml",
        "hashed_secret": "2a6022b5049cdf68b11a7f18f37947645fad0395",
        "is_verified": false,
        "line_number": 1400
      }
    ],
    "f600233d1b154d507b782f84604bcb12/update/sys_ui_form_sections_b41233e087f24510bc86b889cebb3586.xml": [
      {
        "type": "Hex High Entropy String",
        "filename": "f600233d1b154d507b782f84604bcb12/update/sys_ui_form_sections_b41233e087f24510bc86b889cebb3586.xml",
        "hashed_secret": "8f646952165f3e7f765f40bb2b07483a423afb0e",
        "is_verified": false,
        "line_number": 12
      }
    ]
  },
  "generated_at": "2022-07-16T01:56:52Z"
}
